// Jest Snapshot v1, https://goo.gl/fbAQLP

exports[`Componete: FiltroCard deve renderizar corretamente 1`] = `
<div
  class="FiltroCard"
  data-testid="FiltroCard"
>
  <input
    class="InputFiltroCard"
    id="Tainá"
    name="acs_nome"
    type="checkbox"
  />
  <p
    data-testid="FiltroCardLabel"
  >
    Tainá
  </p>
</div>
`;
