// Jest Snapshot v1, https://goo.gl/fbAQLP

exports[`Componente: ToolBar deve renderizar corretamente 1`] = `
<div
  class="ToolBar"
  data-testid="ToolBar"
>
  <input
    class="SearchBar"
    placeholder="PESQUISE UM NOME"
    value=""
  />
  <button
    class="ButtonLightContainer"
  >
    <img
      class="IconeRight"
      src="https://media.graphassets.com/7E9qXtNTze5w3ozl6a5I"
    />
    ORDENAR LISTA
  </button>
  <button
    class="ButtonLightContainer"
  >
    <img
      class="IconeRight"
      src="https://media.graphassets.com/1rnUv5WSTKmCHnvqciuW"
    />
    FILTRAR LISTA NOMINAL
  </button>
</div>
`;
